// Jest Snapshot v1, https://goo.gl/fbAQLP

exports[`test date input date input snapshot test 1`] = `
<styled.div
  data-test="component-date-input"
>
  <ButtonSelection
    backgroundColor="#E1E8ED"
    disabled={false}
    handleClick={[Function]}
    onKeyUp={[Function]}
  >
    <img
      src="iconTest"
    />
  </ButtonSelection>
  <styled.span
    data-test="component-date-display"
  >
    <styled.span
      className="month"
      data-test="component-month-text"
    >
      October
    </styled.span>
    <styled.span
      className="year"
      data-test="component-year-text"
    >
      2020
    </styled.span>
  </styled.span>
  <ButtonSelection
    backgroundColor="#E1E8ED"
    handleClick={[Function]}
    onKeyUp={[Function]}
  >
    <img
      src="iconTest"
    />
  </ButtonSelection>
</styled.div>
`;
