// Jest Snapshot v1, https://goo.gl/fbAQLP

exports[`test calculator input calculator input snapshot test  1`] = `
<styled.div
  data-test="component-calculator-input"
>
  <styled.div>
    <styled.p>
      Total Amount
    </styled.p>
    <Component
      icon="test-file-stub"
      onChangeCallback={[Function]}
    />
  </styled.div>
  <styled.div>
    <styled.p>
      Reach goal by
    </styled.p>
    <DateInput
      differenceDatesCallback={[Function]}
      iconSrcLeft="test-file-stub"
      iconSrcRight="test-file-stub"
    />
  </styled.div>
</styled.div>
`;
